
U-Boot SPL 2015.01-00001-gb2412df (Jan 29 2015 - 15:01:06)


U-Boot 2015.01-00001-gb2412df (Jan 29 2015 - 15:01:06), Build: jenkins-github_Bootloader-Builder-105

       Watchdog enabled
I2C:   ready
DRAM:  512 MiB
MMC:   OMAP SD/MMC: 0, OMAP SD/MMC: 1
Using default environment

Net:   <ethaddr> not set. Validating first E-fuse MAC
cpsw
Hit any key to stop autoboot:  1  0 
gpio: pin 53 (gpio 53) value is 1
switch to partitions #0, OK
mmc0 is current device
gpio: pin 54 (gpio 54) value is 1
Checking for: /uEnv.txt ...
reading uEnv.txt
434 bytes read in 3 ms (140.6 KiB/s)
gpio: pin 55 (gpio 55) value is 1
Loaded environment from uEnv.txt
Importing environment from mmc ...
Checking if uenvcmd is set ...
gpio: pin 56 (gpio 56) value is 1
Running uenvcmd ...
reading /zImage
6092240 bytes read in 332 ms (17.5 MiB/s)
loading /dtbs/am335x-boneblack.dtb ...
reading /dtbs/am335x-boneblack.dtb
** Unable to read file /dtbs/am335x-boneblack.dtb **
bootargs=console=ttyS0,115200n8 root=/dev/mmcblk0p2 rw rootfstype=ext4 rootwait
Kernel image @ 0x82000000 [ 0x000000 - 0x5cf5d0 ]
ERROR: Did not find a cmdline Flattened Device Tree
Could not find a valid device tree
Checking if client_ip is set ...
Checking for: /boot.scr ...
Checking for: /boot/boot.scr ...
Checking for: /boot/uEnv.txt ...
** Invalid partition 3 **
** Invalid partition 4 **
** Invalid partition 5 **
** Invalid partition 6 **
** Invalid partition 7 **
gpio: pin 56 (gpio 56) value is 0
gpio: pin 55 (gpio 55) value is 0
gpio: pin 54 (gpio 54) value is 0
switch to partitions #0, OK
mmc1(part 0) is current device
gpio: pin 54 (gpio 54) value is 1
Checking for: /uEnv.txt ...
Checking for: /boot.scr ...
Checking for: /boot/boot.scr ...
Checking for: /boot/uEnv.txt ...
gpio: pin 55 (gpio 55) value is 1
1044 bytes read in 31 ms (32.2 KiB/s)
Loaded environment from /boot/uEnv.txt
Checking if uname_r is set in /boot/uEnv.txt...
gpio: pin 56 (gpio 56) value is 1
Running uname_boot ...
loading /boot/vmlinuz-3.8.13-bone70 ...
5617184 bytes read in 347 ms (15.4 MiB/s)
loading /boot/dtbs/3.8.13-bone70/am335x-boneblack.dtb ...
26098 bytes read in 39 ms (653.3 KiB/s)
loading /boot/initrd.img-3.8.13-bone70 ...
2867606 bytes read in 192 ms (14.2 MiB/s)
debug: [console=ttyS0,115200n8 quiet drm.debug=7 capemgr.disable_partno=BB-BONELT-HDMI,BB-BONELT-HDMIN capemgr.enable_partno=BB-SPIDEV1 root=UUID=b96302d7-9127-4b4e-a2c9-7d3a6c124331 ro rootfstype=ext4 rootwait fixrtc quiet init=/lib/systemd/systemd] ...
debug: [bootz 0x82000000 0x88080000:2bc196 0x88000000] ...
Kernel image @ 0x82000000 [ 0x000000 - 0x55b620 ]
## Flattened Device Tree blob at 88000000
   Booting using the fdt blob at 0x88000000
   Loading Ramdisk to 8fd43000, end 8ffff196 ... OK
   Loading Device Tree to 8fd39000, end 8fd425f1 ... OK

Starting kernel ...

Uncompressing Linux... done, booting the kernel.
